Karthik@Karthik_MA MINGW64 ~/OneDrive/Desktop/Ecommerce (master)
$ git init
Reinitialized existing Git repository in C:/Users/Karthik/OneDrive/Desktop/Ecommerce/.git/

Karthik@Karthik_MA MINGW64 ~/OneDrive/Desktop/Ecommerce (master)
$ git status
On branch master

No commits yet

Changes to be committed:
  (use "git rm --cached <file>..." to unstage)
        new file:   Login.txt

Changes not staged for commit:
  (use "git add/rm <file>..." to update what will be committed)
  (use "git restore <file>..." to discard changes in working directory)
        deleted:    Login.txt

Untracked files:
  (use "git add <file>..." to include in what will be committed)
        Login.txt.txt


Karthik@Karthik_MA MINGW64 ~/OneDrive/Desktop/Ecommerce (master)
$ git commit -m "First commit"
[master (root-commit) fd04ae5] First commit
 1 file changed, 1 insertion(+)
 create mode 100644 Login.txt

Karthik@Karthik_MA MINGW64 ~/OneDrive/Desktop/Ecommerce (master)


----
$ git remote add origin **copied url pasting here**

$ git push origin master

$ git log

$ git log --oneline

